WARNING
================================================================================
  You are starting the LocalStack Community Docker image.
  We move towards a unified LocalStack for AWS image in March 2026.
  Go to this page for more infos: https://localstack.cloud/2026-updates
================================================================================


LocalStack version: 4.14.0
LocalStack build date: 2026-02-26
LocalStack build git hash: 3d5a0c70e

2026-10-05T11:00:16.379  INFO --- [  MainThread] localstack.utils.bootstrap : Execution of "require" took 707.26ms
Ready.
2026-10-05T11:00:16.785  INFO --- [et.reactor-0] localstack.request.aws     : AWS dynamodb.ListTables => 200
2026-10-05T11:00:16.950  INFO --- [et.reactor-1] l.s.k.kinesis_mock_server  : Creating kinesis backend for account 000000000000
2026-10-05T11:00:17.795  INFO --- [-functhread3] l.s.k.kinesis_mock_server  : [info] kinesis.mock.KinesisMockService$ 2026-10-05T11:00:17.790473Z contextId=99015f6b-cf51-43bf-bbb2-64f3b29ae836, cacheConfig={"awsAccountId":"000000000000","awsRegion":"us-east-1","createStreamDuration":{"length":500,"unit":"MILLISECONDS"},"deleteStreamDuration":{"length":500,"unit":"MILLISECONDS"},"deregisterStreamConsumerDuration":{"length":500,"unit":"MILLISECONDS"},"initializeStreams":null,"logLevel":"INFO","mergeShardsDuration":{"length":500,"unit":"MILLISECONDS"},"onDemandStreamCountLimit":10,"persistConfig":{"fileName":"000000000000.json","interval":{"length":5,"unit":"SECONDS"},"loadIfExists":true,"path":"/tmp/localstack/state/kinesis","shouldPersist":true},"registerStreamConsumerDuration":{"length":500,"unit":"MILLISECONDS"},"shardLimit":100,"splitShardDuration":{"length":500,"unit":"MILLISECONDS"},"startStreamEncryptionDuration":{"length":500,"unit":"MILLISECONDS"},"stopStreamEncryptionDuration":{"length":500,"unit":"MILLISECONDS"},"updateShardCountDuration":{"length":500,"unit":"MILLISECONDS"}} Logging Cache Config
2026-10-05T11:00:17.839  INFO --- [-functhread3] l.s.k.kinesis_mock_server  : [info] kinesis.mock.KinesisMockService$ 2026-10-05T11:00:17.839061Z  Starting Kinesis TLS Mock Service on port 52183
2026-10-05T11:00:17.839  INFO --- [-functhread3] l.s.k.kinesis_mock_server  : [info] kinesis.mock.KinesisMockService$ 2026-10-05T11:00:17.839310Z  Starting Kinesis Plain Mock Service on port 58339
2026-10-05T11:00:17.842  INFO --- [-functhread3] l.s.k.kinesis_mock_server  : [info] kinesis.mock.KinesisMockService$ 2026-10-05T11:00:17.841951Z contextId=9f628beb-8d85-403f-9025-eaf2dff56f18 Starting persist data loop
2026-10-05T11:00:18.251  INFO --- [et.reactor-0] localstack.request.aws     : AWS dynamodb.CreateTable => 200
2026-10-05T11:00:18.264  INFO --- [et.reactor-0] localstack.request.aws     : AWS dynamodb.CreateTable => 200
2026-10-05T11:00:18.286  INFO --- [et.reactor-1] localstack.request.aws     : AWS dynamodb.CreateTable => 200
2026-10-05T11:00:18.323  INFO --- [et.reactor-0] localstack.request.aws     : AWS dynamodb.DescribeTable => 200
2026-10-05T11:00:18.329  INFO --- [et.reactor-1] localstack.request.aws     : AWS dynamodb.DescribeTable => 200
2026-10-05T11:00:18.339  INFO --- [et.reactor-0] localstack.request.aws     : AWS dynamodb.DescribeTable => 200
2026-10-05T11:00:18.386  INFO --- [et.reactor-1] localstack.request.aws     : AWS dynamodb.PutItem => 200
2026-10-05T11:00:18.400  INFO --- [-functhread3] l.s.k.kinesis_mock_server  : [warn] kinesis.mock.cache.Cache 2026-10-05T11:00:18.399774Z x-amz-id-2=zeoyt1fJo7MKh+PEnhIVMMXwz6eU9Bs5HvsykR+Ac3qyeXhB8dwzOIrIY9JN9AI9oemImPVD4n8x+Nx8QJrjTiVSkl2rN48W, contentType=application/x-amz-json-1.1, x-amzn-RequestId=1712837e-3e96-4feb-8907-683a68889609, action=PutRecords, contextId=f8e366f6-2263-49ce-b85a-a0fe90a65bfb, streamName=__ddb_stream_spike-head Putting records was unuccessful
2026-10-05T11:00:18.400  INFO --- [-functhread3] l.s.k.kinesis_mock_server  : kinesis.mock.ResourceInUseException: Stream arn:aws:kinesis:us-east-1:000000000000:stream/__ddb_stream_spike-head is not currently ACTIVE or UPDATING.
2026-10-05T11:00:18.400  INFO --- [-functhread3] l.s.k.kinesis_mock_server  : at sGa(/var/lib/localstack/lib/kinesis-local/0.5.2/node_modules/kinesis-local/main.js:714:343)
2026-10-05T11:00:18.400  INFO --- [-functhread3] l.s.k.kinesis_mock_server  : at {anonymous}()(/var/lib/localstack/lib/kinesis-local/0.5.2/node_modules/kinesis-local/main.js:2979:231)
2026-10-05T11:00:18.400  INFO --- [-functhread3] l.s.k.kinesis_mock_server  : at z.g(/var/lib/localstack/lib/kinesis-local/0.5.2/node_modules/kinesis-local/main.js:3246:234)
2026-10-05T11:00:18.400  INFO --- [-functhread3] l.s.k.kinesis_mock_server  : at {anonymous}()(/var/lib/localstack/lib/kinesis-local/0.5.2/node_modules/kinesis-local/main.js:3303:308)
2026-10-05T11:00:18.400  INFO --- [-functhread3] l.s.k.kinesis_mock_server  : at x.oa(/var/lib/localstack/lib/kinesis-local/0.5.2/node_modules/kinesis-local/main.js:3245:391)
2026-10-05T11:00:18.400  INFO --- [-functhread3] l.s.k.kinesis_mock_server  : at F5(/var/lib/localstack/lib/kinesis-local/0.5.2/node_modules/kinesis-local/main.js:3829:426)
2026-10-05T11:00:18.401  INFO --- [-functhread3] l.s.k.kinesis_mock_server  : at qI.hl(/var/lib/localstack/lib/kinesis-local/0.5.2/node_modules/kinesis-local/main.js:3857:323)
2026-10-05T11:00:18.401  INFO --- [-functhread3] l.s.k.kinesis_mock_server  : at eJ.hl(/var/lib/localstack/lib/kinesis-local/0.5.2/node_modules/kinesis-local/main.js:1312:361)
2026-10-05T11:00:18.401  INFO --- [-functhread3] l.s.k.kinesis_mock_server  : at {anonymous}()(/var/lib/localstack/lib/kinesis-local/0.5.2/node_modules/kinesis-local/main.js:3204:81)
2026-10-05T11:00:18.401  INFO --- [-functhread3] l.s.k.kinesis_mock_server  : at x.oa(/var/lib/localstack/lib/kinesis-local/0.5.2/node_modules/kinesis-local/main.js:3245:391)
2026-10-05T11:00:18.469  INFO --- [et.reactor-1] localstack.request.aws     : AWS dynamodb.TransactWriteItems => 400 (TransactionCanceledException)
2026-10-05T11:00:18.482  INFO --- [et.reactor-1] localstack.request.aws     : AWS dynamodb.GetItem => 200
2026-10-05T11:00:18.489  INFO --- [et.reactor-0] localstack.request.aws     : AWS dynamodb.GetItem => 200
2026-10-05T11:00:18.499  INFO --- [et.reactor-1] localstack.request.aws     : AWS dynamodb.PutItem => 200
2026-10-05T11:00:18.511  INFO --- [-functhread3] l.s.k.kinesis_mock_server  : [warn] kinesis.mock.cache.Cache 2026-10-05T11:00:18.510807Z x-amz-id-2=WhKAhWMf46ug2jUWlY/cpZOKOa+LexnqxegX1+DERO/ThdFQS6YB51jNvivYmdLR3l6Au4bN16c4+SjsnURnhu2MHGVE4Ytj, contentType=application/x-amz-json-1.1, x-amzn-RequestId=6c83280c-019b-4fd6-bf62-a1c301d74298, action=PutRecords, contextId=cbdc1495-b305-42ac-9247-fc4e7a9aa758, streamName=__ddb_stream_spike-head Putting records was unuccessful
2026-10-05T11:00:18.511  INFO --- [-functhread3] l.s.k.kinesis_mock_server  : kinesis.mock.ResourceInUseException: Stream arn:aws:kinesis:us-east-1:000000000000:stream/__ddb_stream_spike-head is not currently ACTIVE or UPDATING.
2026-10-05T11:00:18.511  INFO --- [-functhread3] l.s.k.kinesis_mock_server  : at sGa(/var/lib/localstack/lib/kinesis-local/0.5.2/node_modules/kinesis-local/main.js:714:343)
2026-10-05T11:00:18.511  INFO --- [-functhread3] l.s.k.kinesis_mock_server  : at {anonymous}()(/var/lib/localstack/lib/kinesis-local/0.5.2/node_modules/kinesis-local/main.js:2979:231)
2026-10-05T11:00:18.511  INFO --- [-functhread3] l.s.k.kinesis_mock_server  : at z.g(/var/lib/localstack/lib/kinesis-local/0.5.2/node_modules/kinesis-local/main.js:3246:234)
2026-10-05T11:00:18.511  INFO --- [-functhread3] l.s.k.kinesis_mock_server  : at {anonymous}()(/var/lib/localstack/lib/kinesis-local/0.5.2/node_modules/kinesis-local/main.js:3303:308)
2026-10-05T11:00:18.511  INFO --- [-functhread3] l.s.k.kinesis_mock_server  : at x.oa(/var/lib/localstack/lib/kinesis-local/0.5.2/node_modules/kinesis-local/main.js:3245:391)
2026-10-05T11:00:18.511  INFO --- [-functhread3] l.s.k.kinesis_mock_server  : at F5(/var/lib/localstack/lib/kinesis-local/0.5.2/node_modules/kinesis-local/main.js:3829:426)
2026-10-05T11:00:18.511  INFO --- [-functhread3] l.s.k.kinesis_mock_server  : at qI.hl(/var/lib/localstack/lib/kinesis-local/0.5.2/node_modules/kinesis-local/main.js:3857:323)
2026-10-05T11:00:18.511  INFO --- [-functhread3] l.s.k.kinesis_mock_server  : at eJ.hl(/var/lib/localstack/lib/kinesis-local/0.5.2/node_modules/kinesis-local/main.js:1312:361)
2026-10-05T11:00:18.511  INFO --- [-functhread3] l.s.k.kinesis_mock_server  : at {anonymous}()(/var/lib/localstack/lib/kinesis-local/0.5.2/node_modules/kinesis-local/main.js:3204:81)
2026-10-05T11:00:18.511  INFO --- [-functhread3] l.s.k.kinesis_mock_server  : at x.oa(/var/lib/localstack/lib/kinesis-local/0.5.2/node_modules/kinesis-local/main.js:3245:391)
2026-10-05T11:00:18.519  INFO --- [et.reactor-1] localstack.request.aws     : AWS dynamodb.TransactWriteItems => 400 (TransactionCanceledException)
2026-10-05T11:00:18.525  INFO --- [et.reactor-1] localstack.request.aws     : AWS dynamodb.GetItem => 200
2026-10-05T11:00:18.529  INFO --- [et.reactor-2] localstack.request.aws     : AWS dynamodb.GetItem => 200
2026-10-05T11:00:18.534  INFO --- [et.reactor-0] localstack.request.aws     : AWS dynamodb.DescribeTable => 200
2026-10-05T11:00:18.555  INFO --- [et.reactor-1] localstack.request.aws     : AWS dynamodbstreams.DescribeStream => 200
2026-10-05T11:00:18.566  INFO --- [et.reactor-1] localstack.request.aws     : AWS dynamodb.PutItem => 200
2026-10-05T11:00:18.577  INFO --- [-functhread3] l.s.k.kinesis_mock_server  : [warn] kinesis.mock.cache.Cache 2026-10-05T11:00:18.576800Z x-amz-id-2=fMfEnfbPtGuxicUiqi66n+cns0AE7c52rlnMuvwzWWapehaa9ypJ8rJXBgKuHlgbnf876tFyQHNotI7VMB3M5hLomtFvuiCU, contentType=application/x-amz-json-1.1, x-amzn-RequestId=952a1cf4-ce37-4bf8-bb77-42999cade3fb, action=PutRecords, contextId=1fafd41b-d039-4f9f-b08d-a87d97c90431, streamName=__ddb_stream_spike-head Putting records was unuccessful
2026-10-05T11:00:18.577  INFO --- [-functhread3] l.s.k.kinesis_mock_server  : kinesis.mock.ResourceInUseException: Stream arn:aws:kinesis:us-east-1:000000000000:stream/__ddb_stream_spike-head is not currently ACTIVE or UPDATING.
2026-10-05T11:00:18.577  INFO --- [-functhread3] l.s.k.kinesis_mock_server  : at sGa(/var/lib/localstack/lib/kinesis-local/0.5.2/node_modules/kinesis-local/main.js:714:343)
2026-10-05T11:00:18.577  INFO --- [-functhread3] l.s.k.kinesis_mock_server  : at {anonymous}()(/var/lib/localstack/lib/kinesis-local/0.5.2/node_modules/kinesis-local/main.js:2979:231)
2026-10-05T11:00:18.577  INFO --- [-functhread3] l.s.k.kinesis_mock_server  : at z.g(/var/lib/localstack/lib/kinesis-local/0.5.2/node_modules/kinesis-local/main.js:3246:234)
2026-10-05T11:00:18.577  INFO --- [-functhread3] l.s.k.kinesis_mock_server  : at {anonymous}()(/var/lib/localstack/lib/kinesis-local/0.5.2/node_modules/kinesis-local/main.js:3303:308)
2026-10-05T11:00:18.577  INFO --- [-functhread3] l.s.k.kinesis_mock_server  : at x.oa(/var/lib/localstack/lib/kinesis-local/0.5.2/node_modules/kinesis-local/main.js:3245:391)
2026-10-05T11:00:18.577  INFO --- [-functhread3] l.s.k.kinesis_mock_server  : at F5(/var/lib/localstack/lib/kinesis-local/0.5.2/node_modules/kinesis-local/main.js:3829:426)
2026-10-05T11:00:18.577  INFO --- [-functhread3] l.s.k.kinesis_mock_server  : at qI.hl(/var/lib/localstack/lib/kinesis-local/0.5.2/node_modules/kinesis-local/main.js:3857:323)
2026-10-05T11:00:18.577  INFO --- [-functhread3] l.s.k.kinesis_mock_server  : at eJ.hl(/var/lib/localstack/lib/kinesis-local/0.5.2/node_modules/kinesis-local/main.js:1312:361)
2026-10-05T11:00:18.577  INFO --- [-functhread3] l.s.k.kinesis_mock_server  : at {anonymous}()(/var/lib/localstack/lib/kinesis-local/0.5.2/node_modules/kinesis-local/main.js:3204:81)
2026-10-05T11:00:18.577  INFO --- [-functhread3] l.s.k.kinesis_mock_server  : at x.oa(/var/lib/localstack/lib/kinesis-local/0.5.2/node_modules/kinesis-local/main.js:3245:391)
2026-10-05T11:00:18.583  INFO --- [et.reactor-0] localstack.request.aws     : AWS dynamodb.UpdateItem => 200
2026-10-05T11:00:18.598  INFO --- [-functhread3] l.s.k.kinesis_mock_server  : [warn] kinesis.mock.cache.Cache 2026-10-05T11:00:18.597618Z x-amz-id-2=fEh72I8fL8fzTyEc2nBxkV8sqpXnjfOMKSX1X9zbCzpLiGo7FnL4pzyhUV/WOuHwheCTU7IIqr5AOZDc0MJ/2uFhD1o87eUi, contentType=application/x-amz-json-1.1, x-amzn-RequestId=0e65a2fe-1e56-479e-8ac0-d0cfd30ac346, action=PutRecords, contextId=672451b4-2618-44a6-97b6-b4ab56530867, streamName=__ddb_stream_spike-head Putting records was unuccessful
2026-10-05T11:00:18.598  INFO --- [-functhread3] l.s.k.kinesis_mock_server  : kinesis.mock.ResourceInUseException: Stream arn:aws:kinesis:us-east-1:000000000000:stream/__ddb_stream_spike-head is not currently ACTIVE or UPDATING.
2026-10-05T11:00:18.598  INFO --- [-functhread3] l.s.k.kinesis_mock_server  : at sGa(/var/lib/localstack/lib/kinesis-local/0.5.2/node_modules/kinesis-local/main.js:714:343)
2026-10-05T11:00:18.598  INFO --- [-functhread3] l.s.k.kinesis_mock_server  : at {anonymous}()(/var/lib/localstack/lib/kinesis-local/0.5.2/node_modules/kinesis-local/main.js:2979:231)
2026-10-05T11:00:18.598  INFO --- [-functhread3] l.s.k.kinesis_mock_server  : at z.g(/var/lib/localstack/lib/kinesis-local/0.5.2/node_modules/kinesis-local/main.js:3246:234)
2026-10-05T11:00:18.598  INFO --- [-functhread3] l.s.k.kinesis_mock_server  : at {anonymous}()(/var/lib/localstack/lib/kinesis-local/0.5.2/node_modules/kinesis-local/main.js:3303:308)
2026-10-05T11:00:18.598  INFO --- [-functhread3] l.s.k.kinesis_mock_server  : at x.oa(/var/lib/localstack/lib/kinesis-local/0.5.2/node_modules/kinesis-local/main.js:3245:391)
2026-10-05T11:00:18.598  INFO --- [-functhread3] l.s.k.kinesis_mock_server  : at F5(/var/lib/localstack/lib/kinesis-local/0.5.2/node_modules/kinesis-local/main.js:3829:426)
2026-10-05T11:00:18.598  INFO --- [-functhread3] l.s.k.kinesis_mock_server  : at qI.hl(/var/lib/localstack/lib/kinesis-local/0.5.2/node_modules/kinesis-local/main.js:3857:323)
2026-10-05T11:00:18.598  INFO --- [-functhread3] l.s.k.kinesis_mock_server  : at eJ.hl(/var/lib/localstack/lib/kinesis-local/0.5.2/node_modules/kinesis-local/main.js:1312:361)
2026-10-05T11:00:18.598  INFO --- [-functhread3] l.s.k.kinesis_mock_server  : at {anonymous}()(/var/lib/localstack/lib/kinesis-local/0.5.2/node_modules/kinesis-local/main.js:3204:81)
2026-10-05T11:00:18.598  INFO --- [-functhread3] l.s.k.kinesis_mock_server  : at x.oa(/var/lib/localstack/lib/kinesis-local/0.5.2/node_modules/kinesis-local/main.js:3245:391)
2026-10-05T11:00:18.611  INFO --- [et.reactor-2] localstack.request.aws     : AWS dynamodbstreams.DescribeStream => 200
2026-10-05T11:00:18.623  INFO --- [-functhread3] l.s.k.kinesis_mock_server  : [warn] kinesis.mock.cache.Cache 2026-10-05T11:00:18.623483Z x-amz-id-2=2k+WQ/oPIVyxpyeoMqi2kBN1gsHAuQkTsHn9IZ/BL0fd9K9ESQcRbGawzlMCTtfoH0nyiL6QrRnx1ryJG+cGOzYkuD9KadDw, contentType=application/x-amz-json-1.1, x-amzn-RequestId=f3b35cf3-df2a-4dab-83ab-75c35d1ab29d, action=GetShardIterator, contextId=c1c146b1-f62d-4437-bbbd-a875751fc96b, streamName=__ddb_stream_spike-head Getting the shard iterator was unuccessful
2026-10-05T11:00:18.623  INFO --- [-functhread3] l.s.k.kinesis_mock_server  : kinesis.mock.ResourceInUseException: Stream arn:aws:kinesis:us-east-1:000000000000:stream/__ddb_stream_spike-head is not currently ACTIVE or UPDATING.
2026-10-05T11:00:18.623  INFO --- [-functhread3] l.s.k.kinesis_mock_server  : at sGa(/var/lib/localstack/lib/kinesis-local/0.5.2/node_modules/kinesis-local/main.js:714:343)
2026-10-05T11:00:18.624  INFO --- [-functhread3] l.s.k.kinesis_mock_server  : at {anonymous}()(/var/lib/localstack/lib/kinesis-local/0.5.2/node_modules/kinesis-local/main.js:2926:239)
2026-10-05T11:00:18.624  INFO --- [-functhread3] l.s.k.kinesis_mock_server  : at z.g(/var/lib/localstack/lib/kinesis-local/0.5.2/node_modules/kinesis-local/main.js:3246:234)
2026-10-05T11:00:18.624  INFO --- [-functhread3] l.s.k.kinesis_mock_server  : at F5(/var/lib/localstack/lib/kinesis-local/0.5.2/node_modules/kinesis-local/main.js:3831:267)
2026-10-05T11:00:18.624  INFO --- [-functhread3] l.s.k.kinesis_mock_server  : at qI.hl(/var/lib/localstack/lib/kinesis-local/0.5.2/node_modules/kinesis-local/main.js:3857:323)
2026-10-05T11:00:18.624  INFO --- [-functhread3] l.s.k.kinesis_mock_server  : at eJ.hl(/var/lib/localstack/lib/kinesis-local/0.5.2/node_modules/kinesis-local/main.js:1312:361)
2026-10-05T11:00:18.624  INFO --- [-functhread3] l.s.k.kinesis_mock_server  : at {anonymous}()(/var/lib/localstack/lib/kinesis-local/0.5.2/node_modules/kinesis-local/main.js:3204:81)
2026-10-05T11:00:18.624  INFO --- [-functhread3] l.s.k.kinesis_mock_server  : at x.oa(/var/lib/localstack/lib/kinesis-local/0.5.2/node_modules/kinesis-local/main.js:3245:391)
2026-10-05T11:00:18.624  INFO --- [-functhread3] l.s.k.kinesis_mock_server  : at Immediate._onImmediate(/var/lib/localstack/lib/kinesis-local/0.5.2/node_modules/kinesis-local/main.js:2583:232)
2026-10-05T11:00:18.624  INFO --- [-functhread3] l.s.k.kinesis_mock_server  : at process.processImmediate(node:internal/timers:485:21)
2026-10-05T11:00:18.626 ERROR --- [et.reactor-2] l.aws.handlers.logging     : exception during call chain: An error occurred (ResourceInUseException) when calling the GetShardIterator operation: Stream arn:aws:kinesis:us-east-1:000000000000:stream/__ddb_stream_spike-head is not currently ACTIVE or UPDATING.
2026-10-05T11:00:18.627  INFO --- [et.reactor-2] localstack.request.aws     : AWS dynamodbstreams.GetShardIterator => 500 (InternalError)
2026-10-05T11:00:18.641  INFO --- [et.reactor-0] localstack.request.aws     : AWS dynamodb.PutItem => 200
2026-10-05T11:00:18.650  INFO --- [et.reactor-2] localstack.request.aws     : AWS dynamodb.PutItem => 200
2026-10-05T11:00:18.660  INFO --- [et.reactor-1] localstack.request.aws     : AWS dynamodb.PutItem => 200
2026-10-05T11:00:18.668  INFO --- [et.reactor-0] localstack.request.aws     : AWS dynamodb.PutItem => 200
2026-10-05T11:00:18.677  INFO --- [et.reactor-2] localstack.request.aws     : AWS dynamodb.PutItem => 200
2026-10-05T11:00:18.687  INFO --- [et.reactor-1] localstack.request.aws     : AWS dynamodb.PutItem => 200
2026-10-05T11:00:18.694  INFO --- [et.reactor-0] localstack.request.aws     : AWS dynamodb.PutItem => 200
2026-10-05T11:00:18.702  INFO --- [et.reactor-2] localstack.request.aws     : AWS dynamodb.PutItem => 200
2026-10-05T11:00:18.710  INFO --- [et.reactor-1] localstack.request.aws     : AWS dynamodb.PutItem => 200
2026-10-05T11:00:18.717  INFO --- [et.reactor-0] localstack.request.aws     : AWS dynamodb.PutItem => 200
2026-10-05T11:00:18.724  INFO --- [et.reactor-2] localstack.request.aws     : AWS dynamodb.PutItem => 200
2026-10-05T11:00:18.733  INFO --- [et.reactor-1] localstack.request.aws     : AWS dynamodb.PutItem => 200
2026-10-05T11:00:18.757  INFO --- [et.reactor-0] localstack.request.aws     : AWS dynamodb.Query => 200
2026-10-05T11:00:18.772  INFO --- [et.reactor-2] localstack.request.aws     : AWS dynamodb.Query => 200
2026-10-05T11:00:18.782  INFO --- [et.reactor-1] localstack.request.aws     : AWS dynamodb.PutItem => 200
2026-10-05T11:00:18.789  INFO --- [et.reactor-2] localstack.request.aws     : AWS dynamodb.PutItem => 200
2026-10-05T11:00:18.795  INFO --- [et.reactor-1] localstack.request.aws     : AWS dynamodb.PutItem => 200
2026-10-05T11:00:18.802  INFO --- [et.reactor-0] localstack.request.aws     : AWS dynamodb.BatchGetItem => 200
2026-10-05T11:00:18.808  INFO --- [et.reactor-2] localstack.request.aws     : AWS dynamodb.PutItem => 200
2026-10-05T11:00:18.814  INFO --- [et.reactor-1] localstack.request.aws     : AWS dynamodb.PutItem => 200
2026-10-05T11:00:18.821  INFO --- [et.reactor-0] localstack.request.aws     : AWS dynamodb.PutItem => 200
2026-10-05T11:00:18.830  INFO --- [et.reactor-2] localstack.request.aws     : AWS dynamodb.Query => 200
2026-10-05T11:00:18.842  INFO --- [et.reactor-0] localstack.request.aws     : AWS dynamodb.UpdateTimeToLive => 200
2026-10-05T11:00:18.847  INFO --- [et.reactor-1] localstack.request.aws     : AWS dynamodb.DescribeTimeToLive => 200
